=== Test Results
TEST NAME                                                                                     OUTCOME  MESSAGE                                                                                                                                           RUNTIME (MS)
────────────────────────────────────────────────────────────────────────────────────────────  ───────  ────────────────────────────────────────────────────────────────────────────────────────────────────────────────────────────────────────────────  ────────────
dbt.ModifyOpportuntyNameTest.ModifyOpportuntyNameTest                                         Fail     System.AssertException: Assertion Failed: Expected: FiniteTech/Modified, Actual: FiniteTech                                                       
                                                                                                       Class.dbt.ModifyOpportuntyNameTest.ModifyOpportuntyNameTest: line 13, column 1                                                                                
dbt.TimesheetLineItemTriggerHandlerTest.checkForDuplicateTimesheetLineItemTest                Pass                                                                                                                                                       280         
dbt.TimesheetLineItemTriggerHandlerTest.checkForDuplicateTimesheetLineItemTestWithException   Pass                                                                                                                                                       330         
dbt.TimesheetLineItemTriggerHandlerTest.testUpdateEmployeeProjectFromBillableToNonBillable    Pass                                                                                                                                                       550         
dbt.TimesheetLineItemTriggerHandlerTest.updateEmployeeAfterInsert                             Pass                                                                                                                                                       463         
dbt.TimesheetLineItemTriggerHandlerTest.updateEmployeeBeforeInsert                            Pass                                                                                                                                                       96          
dbt.TimesheetLineItemTriggerHandlerTest.updateEmployeeBeforeInsertWithException               Pass                                                                                                                                                       74          
dbt.TimesheetLineItemTriggerHandlerTest.updateEmployeeBillableField                           Pass                                                                                                                                                       97          
dbt.TimesheetLineItemTriggerHandlerTest.updateEmployeeBillableFieldWithException              Pass                                                                                                                                                       69          
dbt.TimesheetLineItemLwcControllerTest.getTimesheetLineItemsTest                              Pass                                                                                                                                                       171         
dbt.TimesheetLineItemLwcControllerTest.getTimesheetLineItemsTestWithException                 Pass                                                                                                                                                       53          
dbt.TimesheetLineItemLwcControllerTest.updateTimesheetLineItemsTest                           Pass                                                                                                                                                       703         
dbt.TimesheetLineItemLwcControllerTest.updateTimesheetLineItemsTestWithException              Pass                                                                                                                                                       127         
dbt.GetDashboardTimesheetLineItemsTest.testGetDashboardTimesheetLineItemsDetails_success      Pass                                                                                                                                                       2605        
dbt.GetDashboardTimesheetLineItemsTest.testGetDashboardTimesheetLineItemsDetails_invalidUser  Pass                                                                                                                                                       31          
dbt.CompetitorAccountOppControllerTest.whenNoOpportunitiesFound                               Pass                                                                                                                                                       149         
dbt.CompetitorAccountOppControllerTest.whenOpportunitiesFound                                 Pass                                                                                                                                                       792         
dbt.EmployeeTriggerHandlerTest.UpdateTest                                                     Pass                                                                                                                                                       200         
dbt.EmployeeTriggerHandlerTest.beforeInsertTest                                               Pass                                                                                                                                                       132         
dbt.EmployeeTriggerHandlerTest.beforeInsertTestWithError                                      Pass                                                                                                                                                       125         
dbt.EmployeeTriggerHandlerTest.beforeUpdateTest                                               Pass                                                                                                                                                       213         
dbt.EmployeeTriggerHandlerTest.beforeUpdateTestWithError                                      Pass                                                                                                                                                       162         
dbt.WeeklyTimesheetControllerTest.testDeleteTimesheetLineItems                                Pass                                                                                                                                                       182         
dbt.WeeklyTimesheetControllerTest.testDeleteTimesheetLineItemsEmptyList                       Pass                                                                                                                                                       5           
dbt.WeeklyTimesheetControllerTest.testGetEmployeeTimesheetItems                               Pass                                                                                                                                                       43          
dbt.WeeklyTimesheetControllerTest.testGetProjects                                             Pass                                                                                                                                                       54          
dbt.WeeklyTimesheetControllerTest.testGetTimesheet                                            Pass                                                                                                                                                       37          
dbt.WeeklyTimesheetControllerTest.testGetWeeklyTimesheetItems                                 Pass                                                                                                                                                       50          
dbt.WeeklyTimesheetControllerTest.testUpsertLineItems                                         Pass                                                                                                                                                       182         
dbt.WeeklyTimesheetControllerTest.testUpsertLineItemsEmptyList                                Pass                                                                                                                                                       5           
dbt.GetTimesheetTest.testGetTimesheetRecords_nullId                                           Pass                                                                                                                                                       2005        
dbt.GetTimesheetTest.testGetTimesheetRecords_success                                          Pass                                                                                                                                                       2393        
dbt.GetTimesheetLineItemsTest.testGetTimesheetLineItemsRecords_nullId                         Pass                                                                                                                                                       40          
dbt.GetTimesheetLineItemsTest.testGetTimesheetLineItemsRecords_success                        Pass                                                                                                                                                       2654        
dbt.ProcessInstanceControllerTest.processMethod                                               Fail     System.DmlException: Process failed. First exception on row 0; first error: NO_APPLICABLE_PROCESS, No applicable approval process was found.: []  
                                                                                                       Class.dbt.ProcessInstanceControllerTest.processMethod: line 21, column 1                                                                                      
dbt.GetRangeOfTimesheetsLineItemsTest.testGetTimesheetsLineItems_invalidRange                 Pass                                                                                                                                                       62          
dbt.GetRangeOfTimesheetsLineItemsTest.testGetTimesheetsLineItems_missingDates                 Pass                                                                                                                                                       23          
dbt.GetRangeOfTimesheetsLineItemsTest.testGetTimesheetsLineItems_nullEmployee                 Pass                                                                                                                                                       5           
dbt.GetRangeOfTimesheetsLineItemsTest.testGetTimesheetsLineItems_success                      Pass                                                                                                                                                       1835        
dbt.ProjectControllerTest.getProjectsTest                                                     Pass                                                                                                                                                       112         
dbt.ProjectControllerTest.getProjectsTestwithException                                        Pass                                                                                                                                                       58          
dbt.GetEmployeeDetailsTest.testGetEmployee_nullId                                             Pass                                                                                                                                                       26          
dbt.GetEmployeeDetailsTest.testGetEmployee_success                                            Pass                                                                                                                                                       2727        
dbt.GetResourceSkillControllerTest.oneJobPostingWithNoResource                                Pass                                                                                                                                                       222         
dbt.GetResourceSkillControllerTest.oneJobPostingWithTwoResources                              Pass                                                                                                                                                       246         
dbt.ExternalOrgDescribeServiceTest.testDescribeObjectThrows                                   Fail     System.AssertException: Assertion Failed: Expected: Not implemented, Actual: Script-thrown exception                                              
                                                                                                       Class.dbt.ExternalOrgDescribeServiceTest.testDescribeObjectThrows: line 8, column 1                                                                           
dbt.SubmittalResourceControllerTest.oneJobPostingWithMultipleResourcesAndSubmittals           Pass                                                                                                                                                       973         
dbt.SubmittalResourceControllerTest.oneJobPostingWithOneResourceWithoutSubmittal              Pass                                                                                                                                                       92          
dbt.ExternalOrgDependencyServiceTest.testBuildDependencyGraphThrows                           Fail     System.AssertException: Assertion Failed: Expected: Not implemented, Actual: Script-thrown exception                                              
                                                                                                       Class.dbt.ExternalOrgDependencyServiceTest.testBuildDependencyGraphThrows: line 8, column 1                                                                   
dbt.ExternalOrgDataTransferServiceTest.testExportRecordsThrows                                Fail     System.AssertException: Assertion Failed: Expected: Not implemented, Actual: Script-thrown exception                                              
                                                                                                       Class.dbt.ExternalOrgDataTransferServiceTest.testExportRecordsThrows: line 8, column 1                                                                        
dbt.ExternalOrgDataTransferServiceTest.testImportRecordsThrows                                Fail     System.AssertException: Assertion Failed: Expected: Not implemented, Actual: Script-thrown exception                                              
                                                                                                       Class.dbt.ExternalOrgDataTransferServiceTest.testImportRecordsThrows: line 16, column 1                                                                       
dbt.ExternalOrgConnectionServiceTest.testConnectionThrows                                     Fail     System.AssertException: Assertion Failed: Expected: Not implemented, Actual: Script-thrown exception                                              
                                                                                                       Class.dbt.ExternalOrgConnectionServiceTest.testConnectionThrows: line 8, column 1                                                                             
dbt.ApprovalDetailControllerTest.testPullApprovalDetails_NonNullScenario                      Pass                                                                                                                                                       53          
dbt.ApprovalDetailControllerTest.testPullApprovalDetails_NullScenario                         Pass                                                                                                                                                       2180        
dbt.ApprovalDetailControllerTest.testUpdateApprovalDetails_EmptyList                          Pass                                                                                                                                                       5           
dbt.ApprovalDetailControllerTest.testUpdateApprovalDetails_NonEmptyList                       Pass                                                                                                                                                       4           
dbt.GetDashboardProfileDetailsTest.testGetEmployeeDetailsReturnsCorrectData                   Pass                                                                                                                                                       2567        
dbt.GetDashboardProfileDetailsTest.testGetEmployeeDetailsWithNoEmployeeRecord                 Pass                                                                                                                                                       772         
dbt.SkillResourceControllerTest.deleteSkillResourceRecordsTest                                Pass                                                                                                                                                       604         
dbt.SkillResourceControllerTest.getSkillResourceRecordTest                                    Pass                                                                                                                                                       174         
dbt.SkillResourceControllerTest.insertAndDeleteSkillResourceRecordsTest                       Pass                                                                                                                                                       232         
dbt.SkillResourceControllerTest.insertSkillResourceRecordsTest                                Pass                                                                                                                                                       122         
dbt.GetDashboardManagerEmployeeDetailsTest.testGetManagerEmployeeDetails_nullId               Pass                                                                                                                                                       30          
dbt.GetDashboardManagerEmployeeDetailsTest.testGetManagerEmployeeDetails_success              Pass                                                                                                                                                       2523        
dbt.ContentDocumentLinkTriggerTest.testCustomNotification                                     Fail     System.QueryException: List has no rows for assignment to SObject                                                                                 
                                                                                                       Class.dbt.ContentDocumentLinkTriggerTest.testCustomNotification: line 17, column 1                                                                            
dbt.CurrencyExchangeRateTest.testCurrencyExchangeRate                                         Pass                                                                                                                                                       42          
dbt.OpportunityAutoApprovalTest.doTestAutoApprove                                             Fail     System.NullPointerException: Attempt to de-reference a null object                                                                                
                                                                                                       Class.dbt.Test_library.createOpportunityFor: line 167, column 1                                                                                   
                                                                                                       Class.dbt.Test_library.createOpportunity: line 141, column 1                                                                                      
                                                                                                       Class.dbt.Test_library.createOpportunityForProposalGeneration: line 173, column 1                                                                 
                                                                                                       Class.dbt.Test_library.createOpportunityForBidApproval: line 213, column 1                                                                        
                                                                                                       Class.dbt.OpportunityAutoApprovalTest.doTestAutoApprove: line 5, column 1                                                                                     


=== Apex Code Coverage by Class
CLASSES                             PERCENT  UNCOVERED LINES   
──────────────────────────────────  ───────  ──────────────────
SubmittalResourceController         98%      55                
TimesheetLineItemTrigger            100%                       
EmployeeTrigger                     100%                       
EmployeeTriggerHandler              100%                       
TimesheetLineItemTriggerHandler     100%                       
ProjectController                   100%                       
TimesheetLineItemLwcController      95%      68,69,70          
CompetitorAccountOppController      100%                       
CurrencyExchangeRate                100%                       
GetResourceSkillController          97%      16,93             
ApprovalDetailController            100%                       
AutoNumberTrigger                   100%                       
ContentDocumentLinkTrigger          16%      9,10,12,13,14,... 
ProcessInstanceController           12%      14,15,16,21,22,...
ProcessInstanceItems                0%       6,7,9,10,16,...   
ATSWrapper                          64%      24,25,48,49,56,...
SkillResourceController             93%      16,24             
ExternalOrgDescribeService          100%                       
ExternalOrgDependencyService        100%                       
ExternalOrgDataTransferService      100%                       
ExternalOrgConnectionService        100%                       
GetTimesheet                        100%                       
GetDashboardManagerEmployeeDetails  100%                       
GetEmployeeDetails                  100%                       
WeeklyTimesheetController           90%      98,99,115,116     
GetRangeOfTimesheetsLineItems       100%                       
GetTimesheetLineItems               100%                       
GetDashboardTimesheetLineItems      75%      36,37             
GetDashboardProfileDetails          100%                       


=== Test Setup Time by Test Class for Run 707Ka00009aQoPg
TEST SETUP METHOD NAME                             SETUP TIME
─────────────────────────────────────────────────  ──────────
dbt.TimesheetLineItemTriggerHandlerTest.setupData  3067      
dbt.TimesheetLineItemLwcControllerTest.setupData   4785      
dbt.EmployeeTriggerHandlerTest.setupData           2802      
dbt.WeeklyTimesheetControllerTest.setupTestData    1351      
dbt.ProjectControllerTest.setupData                3523      


=== Test Summary
NAME                 VALUE                          
───────────────────  ───────────────────────────────
Outcome              Failed                         
Tests Ran            72                             
Pass Rate            88%                            
Fail Rate            13%                            
Skip Rate            0%                             
Test Run Id          707Ka00009aQoPg                
Test Setup Time      15528 ms                       
Test Execution Time  36508 ms                       
Test Total Time      52036 ms                       
Org Id               00D5f000005wFanEAE             
Username             bodduluriprameela@gmail.com.dbt
Org Wide Coverage    42%                            
